SPAN 2222222222222222
  trace: 11111111111111111111111111111111
  root: 2222222222222222
  parent: none (root) (resolved=false)
  name: "root with a long name and quoted \"label\""
  scope: "test"
  started: 1970-01-01T00:00:00Z
  ended: true
  duration: 0s
  wall end: 1970-01-01T00:00:00Z
  status: unset
  attribute "duration" (duration): 25ms
  attribute "empty" (string): ""
  attribute "enabled" (bool): false
  attribute "int" (int64): -9223372036854775808
  attribute "labels" (strings): ["a,b", "quoted \"value\""]
  attribute "ratio" (float64): 2.5
  attribute "uint" (uint64): 18446744073709551615
  event "checkpoint" at 1970-01-01T00:00:00Z elapsed=0s
  drops: attributes=0 events=0 status=0
  children (0):
